This file contains any messages produced by compilers while
running configure, to aid debugging if configure makes a mistake.

It was created by GNU C Library configure (see version.h), which was
generated by GNU Autoconf 2.72.  Invocation command line was

  $ build/gnu-source/glibc-2.43/configure --build=x86_64-apple-darwin --host=x86_64-linux-gnu --prefix=/usr --disable-default-pie --disable-multi-arch --disable-werror --with-headers=/Users/core/Documents/coding/multilang/UnitasOS/build/gnu-kernel-headers/usr/include --enable-kernel=6.1.0

## --------- ##
## Platform. ##
## --------- ##

hostname = Hackinmac.local
uname -m = x86_64
uname -r = 22.6.0
uname -s = Darwin
uname -v = Darwin Kernel Version 22.6.0: Tue Jul 15 08:22:28 PDT 2025; root:xnu-8796.141.3.713.2~2/RELEASE_X86_64

/usr/bin/uname -p = i386
/bin/uname -X     = unknown

/bin/arch              = unknown
/usr/bin/arch -k       = unknown
/usr/convex/getsysinfo = unknown
/usr/bin/hostinfo      = Mach kernel version:
	 Darwin Kernel Version 22.6.0: Tue Jul 15 08:22:28 PDT 2025; root:xnu-8796.141.3.713.2~2/RELEASE_X86_64
Kernel configured for up to 4 processors.
2 processors are physically available.
4 processors are logically available.
Processor type: x86_64h (Intel x86-64h Haswell)
Processors active: 0 1 2 3
Primary memory available: 8.00 gigabytes
Default processor set: 495 tasks, 2083 threads, 4 processors
Load average: 30.41, Mach factor: 0.24
/bin/machine           = unknown
/usr/bin/oslevel       = unknown
/bin/universe          = unknown

PATH: /Users/core/Documents/coding/multilang/UnitasOS/build/gnu-tools/bin/
PATH: /opt/local/bin/
PATH: /usr/bin/
PATH: /bin/


## ----------- ##
## Core tests. ##
## ----------- ##

configure:2695: looking for aux files: install-sh config.guess config.sub
configure:2708:  trying build/gnu-source/glibc-2.43/scripts/
configure:2719:   build/gnu-source/glibc-2.43/scripts/install-sh found
configure:2737:   build/gnu-source/glibc-2.43/scripts/config.guess found
configure:2737:   build/gnu-source/glibc-2.43/scripts/config.sub found
configure:2937: checking build system type
configure:2953: result: x86_64-apple-darwin
configure:2973: checking host system type
configure:2988: result: x86_64-pc-linux-gnu
configure:3026: checking for x86_64-linux-gnu-gcc
configure:3059: result: /Users/core/Documents/coding/multilang/UnitasOS/build/gnu-tools/bin/x86_64-linux-gnu-gcc
configure:3464: checking for C compiler version
configure:3473: /Users/core/Documents/coding/multilang/UnitasOS/build/gnu-tools/bin/x86_64-linux-gnu-gcc --version >&5
x86_64-elf-gcc (GCC) 12.4.0
Copyright (C) 2022 Free Software Foundation, Inc.
This is free software; see the source for copying conditions.  There is NO
warranty; not even for MERCHANTABILITY or FITNESS FOR A PARTICULAR PURPOSE.

configure:3484: $? = 0
configure:3473: /Users/core/Documents/coding/multilang/UnitasOS/build/gnu-tools/bin/x86_64-linux-gnu-gcc -v >&5
Using built-in specs.
COLLECT_GCC=x86_64-elf-gcc
COLLECT_LTO_WRAPPER=/opt/local/libexec/gcc/x86_64-elf/12.4.0/lto-wrapper
Target: x86_64-elf
Configured with: /opt/local/var/macports/build/_opt_bblocal_var_buildworker_ports_build_ports_cross_x86_64-elf-gcc/x86_64-elf-gcc/work/gcc-12.4.0/configure --prefix=/opt/local --target=x86_64-elf --infodir=/opt/local/share/info --mandir=/opt/local/share/man --datarootdir=/opt/local/share/x86_64-elf-gcc --with-system-zlib --with-gmp=/opt/local --with-mpfr=/opt/local --with-mpc=/opt/local --enable-stage1-checking --enable-multilib --disable-libcc1 --with-newlib --with-libgloss --enable-languages=c,c++
Thread model: single
Supported LTO compression algorithms: zlib
gcc version 12.4.0 (GCC) 
configure:3484: $? = 0
configure:3473: /Users/core/Documents/coding/multilang/UnitasOS/build/gnu-tools/bin/x86_64-linux-gnu-gcc -V >&5
x86_64-elf-gcc: error: unrecognized command-line option '-V'
x86_64-elf-gcc: fatal error: no input files
compilation terminated.
configure:3484: $? = 1
configure:3473: /Users/core/Documents/coding/multilang/UnitasOS/build/gnu-tools/bin/x86_64-linux-gnu-gcc -qversion >&5
x86_64-elf-gcc: error: unrecognized command-line option '-qversion'; did you mean '--version'?
x86_64-elf-gcc: fatal error: no input files
compilation terminated.
configure:3484: $? = 1
configure:3473: /Users/core/Documents/coding/multilang/UnitasOS/build/gnu-tools/bin/x86_64-linux-gnu-gcc -version >&5
x86_64-elf-gcc: error: unrecognized command-line option '-version'
x86_64-elf-gcc: fatal error: no input files
compilation terminated.
configure:3484: $? = 1
configure:3489: checking for suffix of object files
configure:3512: /Users/core/Documents/coding/multilang/UnitasOS/build/gnu-tools/bin/x86_64-linux-gnu-gcc -c   conftest.c >&5
configure:3516: $? = 0
configure:3540: result: o
configure:3544: checking whether the compiler supports GNU C
configure:3564: /Users/core/Documents/coding/multilang/UnitasOS/build/gnu-tools/bin/x86_64-linux-gnu-gcc -c   conftest.c >&5
configure:3564: $? = 0
configure:3576: result: yes
configure:3587: checking whether /Users/core/Documents/coding/multilang/UnitasOS/build/gnu-tools/bin/x86_64-linux-gnu-gcc accepts -g
configure:3608: /Users/core/Documents/coding/multilang/UnitasOS/build/gnu-tools/bin/x86_64-linux-gnu-gcc -c -g  conftest.c >&5
configure:3608: $? = 0
configure:3655: result: yes
configure:3675: checking for /Users/core/Documents/coding/multilang/UnitasOS/build/gnu-tools/bin/x86_64-linux-gnu-gcc option to enable C11 features
configure:3690: /Users/core/Documents/coding/multilang/UnitasOS/build/gnu-tools/bin/x86_64-linux-gnu-gcc  -c -g -O2  conftest.c >&5
configure:3690: $? = 0
configure:3709: result: none needed
configure:3836: checking for gcc
configure:3869: result: clang
configure:4047: checking for C++ compiler version
configure:4056: clang++ --version >&5
Apple clang version 14.0.3 (clang-1403.0.22.14.1)
Target: x86_64-apple-darwin22.6.0
Thread model: posix
InstalledDir: /Library/Developer/CommandLineTools/usr/bin
configure:4067: $? = 0
configure:4056: clang++ -v >&5
Apple clang version 14.0.3 (clang-1403.0.22.14.1)
Target: x86_64-apple-darwin22.6.0
Thread model: posix
InstalledDir: /Library/Developer/CommandLineTools/usr/bin
configure:4067: $? = 0
configure:4056: clang++ -V >&5
clang: error: argument to '-V' is missing (expected 1 value)
clang: error: no input files
configure:4067: $? = 1
configure:4056: clang++ -qversion >&5
clang: error: unknown argument '-qversion'; did you mean '--version'?
clang: error: no input files
configure:4067: $? = 1
configure:4071: checking whether the compiler supports GNU C++
configure:4091: clang++ -c   conftest.cpp >&5
configure:4091: $? = 0
configure:4103: result: yes
configure:4114: checking whether clang++ accepts -g
configure:4135: clang++ -c -g  conftest.cpp >&5
configure:4135: $? = 0
configure:4182: result: yes
configure:4202: checking for clang++ option to enable C++11 features
configure:4217: clang++  -c -g -O2  conftest.cpp >&5
conftest.cpp:57:3: error: "Compiler does not advertise C++11 conformance"
# error "Compiler does not advertise C++11 conformance"
  ^
conftest.cpp:62:3: error: unknown type name 'constexpr'
  constexpr int get_val() { return 20; }
  ^
conftest.cpp:74:17: error: delegating constructors are permitted only in C++11
    delegate(): delegate(2354) {}
                ^~~~~~~~
conftest.cpp:85:26: warning: 'override' keyword is a C++11 extension [-Wc++11-extensions]
    virtual int getval() override final { return this->n * 2; }
                         ^
conftest.cpp:85:35: warning: 'final' keyword is a C++11 extension [-Wc++11-extensions]
    virtual int getval() override final { return this->n * 2; }
                                  ^
conftest.cpp:92:16: warning: defaulted function definitions are a C++11 extension [-Wc++11-extensions]
    nocopy() = default;
               ^
conftest.cpp:93:29: warning: deleted function definitions are a C++11 extension [-Wc++11-extensions]
    nocopy(const nocopy&) = delete;
                            ^
conftest.cpp:94:41: warning: deleted function definitions are a C++11 extension [-Wc++11-extensions]
    nocopy & operator=(const nocopy&) = delete;
                                        ^
conftest.cpp:106:25: warning: 'auto' type specifier is a C++11 extension [-Wc++11-extensions]
  template <typename V> auto sum(V first) -> V
                        ^
conftest.cpp:106:25: error: 'auto' not allowed in function return type
  template <typename V> auto sum(V first) -> V
                        ^~~~
conftest.cpp:106:42: error: expected ';' at end of declaration
  template <typename V> auto sum(V first) -> V
                                         ^
                                         ;
conftest.cpp:106:43: error: cannot use arrow operator on a type
  template <typename V> auto sum(V first) -> V
                                          ^
conftest.cpp:110:33: warning: variadic templates are a C++11 extension [-Wc++11-extensions]
  template <typename V, typename... Args> auto sum(V first, Args... rest) -> V
                                ^
conftest.cpp:110:43: warning: 'auto' type specifier is a C++11 extension [-Wc++11-extensions]
  template <typename V, typename... Args> auto sum(V first, Args... rest) -> V
                                          ^
conftest.cpp:110:43: error: 'auto' not allowed in function return type
  template <typename V, typename... Args> auto sum(V first, Args... rest) -> V
                                          ^~~~
conftest.cpp:110:74: error: expected ';' at end of declaration
  template <typename V, typename... Args> auto sum(V first, Args... rest) -> V
                                                                         ^
                                                                         ;
conftest.cpp:110:75: error: cannot use arrow operator on a type
  template <typename V, typename... Args> auto sum(V first, Args... rest) -> V
                                                                          ^
conftest.cpp:134:3: warning: 'auto' type specifier is a C++11 extension [-Wc++11-extensions]
  auto a1 = 6538;
  ^
conftest.cpp:135:3: warning: 'auto' type specifier is a C++11 extension [-Wc++11-extensions]
  auto a2 = 48573953.4;
  ^
conftest.cpp:136:3: warning: 'auto' type specifier is a C++11 extension [-Wc++11-extensions]
  auto a3 = "String literal";
  ^
conftest.cpp:139:8: warning: 'auto' type specifier is a C++11 extension [-Wc++11-extensions]
  for (auto i = a3; *i; ++i) { total += *i; }
       ^
conftest.cpp:155:8: warning: 'auto' type specifier is a C++11 extension [-Wc++11-extensions]
  for (auto &x : array) { x += 23; }
       ^
conftest.cpp:155:16: warning: range-based for loop is a C++11 extension [-Wc++11-extensions]
  for (auto &x : array) { x += 23; }
               ^
conftest.cpp:160:17: error: expected expression
  assert (eval ([](int x) { return x*2; }, 21) == 42);
                ^
conftest.cpp:162:17: error: expected expression
  assert (eval ([&](double x) { return d += x; }, 3.0) == 5.0);
                ^
conftest.cpp:164:17: error: expected expression
  assert (eval ([=](double x) mutable { return d += x; }, 4.0) == 9.0);
                ^
conftest.cpp:170:3: warning: 'auto' type specifier is a C++11 extension [-Wc++11-extensions]
  auto a = sum(1);
  ^
conftest.cpp:170:12: error: no matching function for call to 'sum'
  auto a = sum(1);
           ^~~
conftest.cpp:171:3: warning: 'auto' type specifier is a C++11 extension [-Wc++11-extensions]
  auto b = sum(1, 2);
  ^
conftest.cpp:171:12: error: no matching function for call to 'sum'
  auto b = sum(1, 2);
           ^~~
conftest.cpp:172:3: warning: 'auto' type specifier is a C++11 extension [-Wc++11-extensions]
  auto c = sum(1.0, 2.0, 3.0);
  ^
conftest.cpp:172:12: error: no matching function for call to 'sum'
  auto c = sum(1.0, 2.0, 3.0);
           ^~~
conftest.cpp:177:25: warning: empty parentheses interpreted as a function declaration [-Wvexing-parse]
  cxx11test::delegate d2();
                        ^~
conftest.cpp:177:25: note: remove parentheses to declare a variable
  cxx11test::delegate d2();
                        ^~
conftest.cpp:190:16: error: found '<::' after a template name which forms the digraph '<:' (aka '[') and a ':', did you mean '< ::'?
  test_template<::test_template<int>> v(test_template<int>(12));
               ^~~
               < ::
conftest.cpp:190:36: error: a space is required between consecutive right angle brackets (use '> >')
  test_template<::test_template<int>> v(test_template<int>(12));
                                   ^~
                                   > >
conftest.cpp:194:22: error: use of undeclared identifier 'u8'
  char const *utf8 = u8"UTF-8 string \u2500";
                     ^
conftest.cpp:194:24: error: expected ';' at end of declaration
  char const *utf8 = u8"UTF-8 string \u2500";
                       ^
                       ;
fatal error: too many errors emitted, stopping now [-ferror-limit=]
18 warnings and 20 errors generated.
configure:4217: $? = 1
configure: failed program was:
| /* confdefs.h */
| #define PACKAGE_NAME "GNU C Library"
| #define PACKAGE_TARNAME "glibc"
| #define PACKAGE_VERSION "(see version.h)"
| #define PACKAGE_STRING "GNU C Library (see version.h)"
| #define PACKAGE_BUGREPORT "https://sourceware.org/bugzilla/"
| #define PACKAGE_URL "https://www.gnu.org/software/glibc/"
| #define PKGVERSION "(GNU libc) "
| #define REPORT_BUGS_TO "<https://www.gnu.org/software/libc/bugs.html>"
| /* end confdefs.h.  */
| 
| // Does the compiler advertise C++98 conformance?
| #if !defined __cplusplus || __cplusplus < 199711L
| # error "Compiler does not advertise C++98 conformance"
| #endif
| 
| // These inclusions are to reject old compilers that
| // lack the unsuffixed header files.
| #include <cstdlib>
| #include <exception>
| 
| // <cassert> and <cstring> are *not* freestanding headers in C++98.
| extern void assert (int);
| namespace std {
|   extern int strcmp (const char *, const char *);
| }
| 
| // Namespaces, exceptions, and templates were all added after "C++ 2.0".
| using std::exception;
| using std::strcmp;
| 
| namespace {
| 
| void test_exception_syntax()
| {
|   try {
|     throw "test";
|   } catch (const char *s) {
|     // Extra parentheses suppress a warning when building autoconf itself,
|     // due to lint rules shared with more typical C programs.
|     assert (!(strcmp) (s, "test"));
|   }
| }
| 
| template <typename T> struct test_template
| {
|   T const val;
|   explicit test_template(T t) : val(t) {}
|   template <typename U> T add(U u) { return static_cast<T>(u) + val; }
| };
| 
| } // anonymous namespace
| 
| 
| // Does the compiler advertise C++ 2011 conformance?
| #if !defined __cplusplus || __cplusplus < 201103L
| # error "Compiler does not advertise C++11 conformance"
| #endif
| 
| namespace cxx11test
| {
|   constexpr int get_val() { return 20; }
| 
|   struct testinit
|   {
|     int i;
|     double d;
|   };
| 
|   class delegate
|   {
|   public:
|     delegate(int n) : n(n) {}
|     delegate(): delegate(2354) {}
| 
|     virtual int getval() { return this->n; };
|   protected:
|     int n;
|   };
| 
|   class overridden : public delegate
|   {
|   public:
|     overridden(int n): delegate(n) {}
|     virtual int getval() override final { return this->n * 2; }
|   };
| 
|   class nocopy
|   {
|   public:
|     nocopy(int i): i(i) {}
|     nocopy() = default;
|     nocopy(const nocopy&) = delete;
|     nocopy & operator=(const nocopy&) = delete;
|   private:
|     int i;
|   };
| 
|   // for testing lambda expressions
|   template <typename Ret, typename Fn> Ret eval(Fn f, Ret v)
|   {
|     return f(v);
|   }
| 
|   // for testing variadic templates and trailing return types
|   template <typename V> auto sum(V first) -> V
|   {
|     return first;
|   }
|   template <typename V, typename... Args> auto sum(V first, Args... rest) -> V
|   {
|     return first + sum(rest...);
|   }
| }
| 
| 
| int
| main (int argc, char **argv)
| {
|   int ok = 0;
|   
|   assert (argc);
|   assert (! argv[0]);
| {
|   test_exception_syntax ();
|   test_template<double> tt (2.0);
|   assert (tt.add (4) == 6.0);
|   assert (true && !false);
| }
| 
|   
| {
|   // Test auto and decltype
|   auto a1 = 6538;
|   auto a2 = 48573953.4;
|   auto a3 = "String literal";
| 
|   int total = 0;
|   for (auto i = a3; *i; ++i) { total += *i; }
| 
|   decltype(a2) a4 = 34895.034;
| }
| {
|   // Test constexpr
|   short sa[cxx11test::get_val()] = { 0 };
| }
| {
|   // Test initializer lists
|   cxx11test::testinit il = { 4323, 435234.23544 };
| }
| {
|   // Test range-based for
|   int array[] = {9, 7, 13, 15, 4, 18, 12, 10, 5, 3,
|                  14, 19, 17, 8, 6, 20, 16, 2, 11, 1};
|   for (auto &x : array) { x += 23; }
| }
| {
|   // Test lambda expressions
|   using cxx11test::eval;
|   assert (eval ([](int x) { return x*2; }, 21) == 42);
|   double d = 2.0;
|   assert (eval ([&](double x) { return d += x; }, 3.0) == 5.0);
|   assert (d == 5.0);
|   assert (eval ([=](double x) mutable { return d += x; }, 4.0) == 9.0);
|   assert (d == 5.0);
| }
| {
|   // Test use of variadic templates
|   using cxx11test::sum;
|   auto a = sum(1);
|   auto b = sum(1, 2);
|   auto c = sum(1.0, 2.0, 3.0);
| }
| {
|   // Test constructor delegation
|   cxx11test::delegate d1;
|   cxx11test::delegate d2();
|   cxx11test::delegate d3(45);
| }
| {
|   // Test override and final
|   cxx11test::overridden o1(55464);
| }
| {
|   // Test nullptr
|   char *c = nullptr;
| }
| {
|   // Test template brackets
|   test_template<::test_template<int>> v(test_template<int>(12));
| }
| {
|   // Unicode literals
|   char const *utf8 = u8"UTF-8 string \u2500";
|   char16_t const *utf16 = u"UTF-8 string \u2500";
|   char32_t const *utf32 = U"UTF-32 string \u2500";
| }
| 
|   return ok;
| }
| 
configure:4217: clang++ -std=gnu++11 -c -g -O2  conftest.cpp >&5
conftest.cpp:177:25: warning: empty parentheses interpreted as a function declaration [-Wvexing-parse]
  cxx11test::delegate d2();
                        ^~
conftest.cpp:177:25: note: remove parentheses to declare a variable
  cxx11test::delegate d2();
                        ^~
1 warning generated.
configure:4217: $? = 0
configure:4239: result: -std=gnu++11
configure:4314: checking whether clang++ -std=gnu++11 can link programs
configure:4338: clang++ -std=gnu++11 -o conftest -g -O2   conftest.cpp  >&5
configure:4338: $? = 0
configure:4364: clang++ -std=gnu++11 -o conftest -g -O2   -static conftest.cpp  >&5
ld: library not found for -lcrt0.o
clang: error: linker command failed with exit code 1 (use -v to see invocation)
configure:4364: $? = 1
configure: failed program was:
| /* confdefs.h */
| #define PACKAGE_NAME "GNU C Library"
| #define PACKAGE_TARNAME "glibc"
| #define PACKAGE_VERSION "(see version.h)"
| #define PACKAGE_STRING "GNU C Library (see version.h)"
| #define PACKAGE_BUGREPORT "https://sourceware.org/bugzilla/"
| #define PACKAGE_URL "https://www.gnu.org/software/glibc/"
| #define PKGVERSION "(GNU libc) "
| #define REPORT_BUGS_TO "<https://www.gnu.org/software/libc/bugs.html>"
| /* end confdefs.h.  */
| 
| #include <iostream>
| 
| int
| main()
| {
|   std::cout << "Hello, world!";
|   return 0;
| }
| 
configure:4383: result: no
configure:4840: /Users/core/Documents/coding/multilang/UnitasOS/build/gnu-tools/bin/x86_64-linux-gnu-gcc -E  conftest.c
conftest.c:18:3: error: #error no CET compiler support
   18 | # error no CET compiler support
      |   ^~~~~
configure:4840: $? = 1
configure: failed program was:
| /* confdefs.h */
| #define PACKAGE_NAME "GNU C Library"
| #define PACKAGE_TARNAME "glibc"
| #define PACKAGE_VERSION "(see version.h)"
| #define PACKAGE_STRING "GNU C Library (see version.h)"
| #define PACKAGE_BUGREPORT "https://sourceware.org/bugzilla/"
| #define PACKAGE_URL "https://www.gnu.org/software/glibc/"
| #define PKGVERSION "(GNU libc) "
| #define REPORT_BUGS_TO "<https://www.gnu.org/software/libc/bugs.html>"
| #define TIMEOUTFACTOR 1
| /* end confdefs.h.  */
| 
| int
| main (void)
| {
| 
| #ifndef __CET__
| # error no CET compiler support
| #endif
|   ;
|   return 0;
| }
configure:4950: checking for sysdeps preconfigure fragments
configure:6: checking for egrep -e
configure:136: result: /usr/bin/grep -E
configure:6: checking for egrep -e
configure:136: result: /usr/bin/grep -E
configure:9: checking whether /Users/core/Documents/coding/multilang/UnitasOS/build/gnu-tools/bin/x86_64-linux-gnu-gcc compiles in -mx32 mode by default
configure:28: /Users/core/Documents/coding/multilang/UnitasOS/build/gnu-tools/bin/x86_64-linux-gnu-gcc -c -g -O2  conftest.c >&5
conftest.c:14:3: error: #error not x32
   14 | # error not x32
      |   ^~~~~
configure:28: $? = 1
configure: failed program was:
| /* confdefs.h */
| #define PACKAGE_NAME "GNU C Library"
| #define PACKAGE_TARNAME "glibc"
| #define PACKAGE_VERSION "(see version.h)"
| #define PACKAGE_STRING "GNU C Library (see version.h)"
| #define PACKAGE_BUGREPORT "https://sourceware.org/bugzilla/"
| #define PACKAGE_URL "https://www.gnu.org/software/glibc/"
| #define PKGVERSION "(GNU libc) "
| #define REPORT_BUGS_TO "<https://www.gnu.org/software/libc/bugs.html>"
| #define TIMEOUTFACTOR 1
| #define USE_PPC_SCV 1
| /* end confdefs.h.  */
| #ifndef __ILP32__
| # error not x32
| #endif
| int
| main (void)
| {
| 
|   ;
|   return 0;
| }
configure:38: result: no
configure:4957: result: 
configure:5003: checking for a BSD-compatible install
configure:5077: result: /opt/local/bin/ginstall -c
configure:5092: checking whether ln -s works
configure:5096: result: yes
configure:5300: checking for x86_64-elf-ld
configure:5333: result: x86_64-elf-ld
configure:5348: checking version of x86_64-elf-ld
configure:5358: result: 2.46.1, ok
configure:5375: checking for gnumake
configure:5396: found /usr/bin/gnumake
configure:5408: result: gnumake
configure:5423: checking version of gnumake
configure:5433: result: 3.81, bad
configure:5445: checking for gnumsgfmt
configure:5481: result: no
configure:5445: checking for gmsgfmt
configure:5481: result: no
configure:5445: checking for msgfmt
configure:5466: found /opt/local/bin/msgfmt
configure:5478: result: msgfmt
configure:5493: checking version of msgfmt
configure:5503: result: 1.0, ok
configure:5514: checking for makeinfo
configure:5550: result: no
configure:5583: checking for sed
configure:5604: found /usr/bin/sed
configure:5616: result: sed
configure:5631: checking version of sed
configure:5641: result: v. ?.??, bad
configure:5652: checking for gawk
configure:5673: found /Users/core/Documents/coding/multilang/UnitasOS/build/gnu-tools/bin/gawk
configure:5685: result: gawk
configure:5700: checking version of gawk
configure:5710: result: 5.4.1, ok
configure:5721: checking for bison
configure:5742: found /Users/core/Documents/coding/multilang/UnitasOS/build/gnu-tools/bin/bison
configure:5754: result: bison
configure:5769: checking version of bison
configure:5779: result: 3.8.2, ok
configure:5788: checking if /Users/core/Documents/coding/multilang/UnitasOS/build/gnu-tools/bin/x86_64-linux-gnu-gcc is sufficient to build libc
configure:5809: /Users/core/Documents/coding/multilang/UnitasOS/build/gnu-tools/bin/x86_64-linux-gnu-gcc -E  conftest.c
configure:5809: $? = 0
configure:5819: result: yes
configure:5909: checking for python3
configure:5930: found /opt/local/bin/python3
configure:5942: result: python3
configure:5957: checking version of python3
configure:5967: result: 3.12.14, ok
configure:5977: error: 
*** These critical programs are missing or too old: make
*** Check the INSTALL file for required versions.

## ---------------- ##
## Cache variables. ##
## ---------------- ##

ac_cv_build=x86_64-apple-darwin
ac_cv_c_compiler_gnu=yes
ac_cv_cxx_compiler_gnu=yes
ac_cv_env_CCC_set=
ac_cv_env_CCC_value=
ac_cv_env_CC_set=set
ac_cv_env_CC_value=/Users/core/Documents/coding/multilang/UnitasOS/build/gnu-tools/bin/x86_64-linux-gnu-gcc
ac_cv_env_CFLAGS_set=
ac_cv_env_CFLAGS_value=
ac_cv_env_CPPFLAGS_set=
ac_cv_env_CPPFLAGS_value=
ac_cv_env_CPP_set=
ac_cv_env_CPP_value=
ac_cv_env_CXXFLAGS_set=
ac_cv_env_CXXFLAGS_value=
ac_cv_env_CXX_set=set
ac_cv_env_CXX_value=clang++
ac_cv_env_LDFLAGS_set=
ac_cv_env_LDFLAGS_value=
ac_cv_env_LIBS_set=
ac_cv_env_LIBS_value=
ac_cv_env_TEST_CC_set=
ac_cv_env_TEST_CC_value=
ac_cv_env_TEST_CXX_set=
ac_cv_env_TEST_CXX_value=
ac_cv_env_build_alias_set=set
ac_cv_env_build_alias_value=x86_64-apple-darwin
ac_cv_env_host_alias_set=set
ac_cv_env_host_alias_value=x86_64-linux-gnu
ac_cv_env_target_alias_set=
ac_cv_env_target_alias_value=
ac_cv_host=x86_64-pc-linux-gnu
ac_cv_objext=o
ac_cv_path_EGREP_TRADITIONAL='/usr/bin/grep -E'
ac_cv_path_install='/opt/local/bin/ginstall -c'
ac_cv_prog_AWK=gawk
ac_cv_prog_BISON=bison
ac_cv_prog_BUILD_CC=clang
ac_cv_prog_CC=/Users/core/Documents/coding/multilang/UnitasOS/build/gnu-tools/bin/x86_64-linux-gnu-gcc
ac_cv_prog_LD=x86_64-elf-ld
ac_cv_prog_MAKE=gnumake
ac_cv_prog_MSGFMT=msgfmt
ac_cv_prog_PYTHON_PROG=python3
ac_cv_prog_SED=sed
ac_cv_prog_cc_c11=
ac_cv_prog_cc_g=yes
ac_cv_prog_cc_stdc=
ac_cv_prog_cxx_cxx11=-std=gnu++11
ac_cv_prog_cxx_g=yes
ac_cv_prog_cxx_stdcxx=-std=gnu++11
libc_cv_compiler_default_cet=no
libc_cv_compiler_ok=yes
libc_cv_cxx_link_ok=no
libc_cv_with_lld=no
libc_cv_x32=no

## ----------------- ##
## Output variables. ##
## ----------------- ##

AR='x86_64-elf-ar'
ASFLAGS_config=''
AUTOCONF='no'
AWK='gawk'
BASH_SHELL=''
BISON='bison'
BUILD_CC='clang'
CC='/Users/core/Documents/coding/multilang/UnitasOS/build/gnu-tools/bin/x86_64-linux-gnu-gcc'
CFLAGS='-g -O2'
CPP='/Users/core/Documents/coding/multilang/UnitasOS/build/gnu-tools/bin/x86_64-linux-gnu-gcc -E'
CPPFLAGS=''
CXX=''
CXXFLAGS='-g -O2'
CXX_BITS_STD_ABS_H=''
CXX_CMATH_HEADER=''
CXX_CSTDLIB_HEADER=''
CXX_SYSINCLUDES=''
DEFINES=''
DEFS=''
ECHO_C='\c'
ECHO_N=''
ECHO_T=''
GPROF='gprof'
INSTALL_DATA='${INSTALL} -m 644'
INSTALL_INFO=''
INSTALL_PROGRAM='${INSTALL}'
INSTALL_SCRIPT='${INSTALL}'
LD='x86_64-elf-ld'
LDFLAGS=''
LIBGD=''
LIBOBJS=''
LIBS=''
LN_S='ln -s'
LTLIBOBJS=''
MAKE='gnumake'
MAKEINFO=':'
MSGFMT='msgfmt'
NM='x86_64-elf-nm'
OBJCOPY='/opt/local/lib/gcc/x86_64-elf/12.4.0/../../../../x86_64-elf/bin/objcopy'
OBJDUMP='/opt/local/lib/gcc/x86_64-elf/12.4.0/../../../../x86_64-elf/bin/objdump'
OBJEXT='o'
PACKAGE_BUGREPORT='https://sourceware.org/bugzilla/'
PACKAGE_NAME='GNU C Library'
PACKAGE_STRING='GNU C Library (see version.h)'
PACKAGE_TARNAME='glibc'
PACKAGE_URL='https://www.gnu.org/software/glibc/'
PACKAGE_VERSION='(see version.h)'
PATH_SEPARATOR=':'
PERL=''
PKGVERSION='(GNU libc) '
PKGVERSION_TEXI='(GNU libc) '
PYTHON='python3 -B'
PYTHON_PROG='python3'
READELF='/opt/local/lib/gcc/x86_64-elf/12.4.0/../../../../x86_64-elf/bin/readelf'
RELEASE=''
REPORT_BUGS_TEXI='@uref{https://www.gnu.org/software/libc/bugs.html}'
REPORT_BUGS_TO='<https://www.gnu.org/software/libc/bugs.html>'
SED=':'
SHELL='/bin/sh'
STRIP='/opt/local/lib/gcc/x86_64-elf/12.4.0/../../../../x86_64-elf/bin/strip'
SYSINCLUDES=''
TEST_CC='/Users/core/Documents/coding/multilang/UnitasOS/build/gnu-tools/bin/x86_64-linux-gnu-gcc'
TEST_CXX=''
VERSION=''
ac_ct_CC=''
ac_ct_CXX=''
base_machine='x86_64'
bindir='${exec_prefix}/bin'
bindnow='no'
build='x86_64-apple-darwin'
build_alias='x86_64-apple-darwin'
build_cpu='x86_64'
build_nscd='default'
build_os='darwin'
build_pt_chown='no'
build_vendor='apple'
cross_compiling='yes'
datadir='${datarootdir}'
datarootdir='${prefix}/share'
docdir='${datarootdir}/doc/${PACKAGE_TARNAME}'
dvidir='${docdir}'
enable_fortify_source='no'
enable_timezone_tools='yes'
enable_werror='no'
exec_prefix='NONE'
extra_nonshared_cflags=''
force_install='yes'
fortify_source=''
hardcoded_path_in_tests='no'
have_libaudit=''
have_libcap=''
have_selinux=''
host='x86_64-pc-linux-gnu'
host_alias='x86_64-linux-gnu'
host_cpu='x86_64'
host_os='linux-gnu'
host_vendor='pc'
htmldir='${docdir}'
includedir='${prefix}/include'
infodir='${datarootdir}/info'
ldd_rewrite_script=''
libc_cv_cc_loop_to_function=''
libc_cv_cc_nofma=''
libc_cv_cc_submachine=''
libc_cv_cc_with_libunwind=''
libc_cv_complocaledir=''
libc_cv_cxx_thread_local=''
libc_cv_fortify_source=''
libc_cv_fpie=''
libc_cv_gcc_unwind_find_fde=''
libc_cv_has_glob_dat=''
libc_cv_insert=''
libc_cv_localstatedir=''
libc_cv_multidir=''
libc_cv_protected_data=''
libc_cv_rootsbindir=''
libc_cv_rtlddir=''
libc_cv_slibdir=''
libc_cv_ssp=''
libc_cv_sysconfdir=''
libc_cv_test_cc_mprefer_vector_width=''
libc_cv_test_cc_signaling_nans=''
libc_cv_test_cc_wfree_labels=''
libc_cv_test_cc_wimplicit_fallthrough=''
libc_cv_test_cc_wmissing_parameter_name=''
libc_cv_test_no_error_execstack=''
libc_cv_test_static_pie=''
libc_cv_test_supported_fortify_source=''
libc_cv_textrel_ifunc=''
libc_cv_with_fp=''
libc_cv_z_execstack=''
libc_extra_cflags=''
libc_extra_cppflags=''
libdir='${exec_prefix}/lib'
libexecdir='${exec_prefix}/libexec'
localedir='${datarootdir}/locale'
localstatedir='${prefix}/var'
mach_interface_list=''
man_pages_version='6.9.1'
mandir='${datarootdir}/man'
memory_tagging='no'
multi_arch='no'
no_file_offset_bits_source=''
no_fortify_source=''
no_stack_protector=''
no_time_bits_source=''
oldincludedir='/usr/include'
pdfdir='${docdir}'
prefix='/usr'
profile='no'
program_transform_name='s,x,x,'
psdir='${docdir}'
pthread_in_libc=''
rtld_early_cflags=''
runstatedir='${localstatedir}/run'
sbindir='${exec_prefix}/sbin'
shared='yes'
sharedstatedir='${prefix}/com'
stack_protector=''
static=''
static_nss='no'
subdirs=' '
submachine=''
sysconfdir='${prefix}/etc'
sysheaders='/Users/core/Documents/coding/multilang/UnitasOS/build/gnu-kernel-headers/usr/include'
sysnames=''
target_alias=''
test_enable_cet=''
use_ldconfig=''
use_nscd='yes'

## ----------- ##
## confdefs.h. ##
## ----------- ##

/* confdefs.h */
#define PACKAGE_NAME "GNU C Library"
#define PACKAGE_TARNAME "glibc"
#define PACKAGE_VERSION "(see version.h)"
#define PACKAGE_STRING "GNU C Library (see version.h)"
#define PACKAGE_BUGREPORT "https://sourceware.org/bugzilla/"
#define PACKAGE_URL "https://www.gnu.org/software/glibc/"
#define PKGVERSION "(GNU libc) "
#define REPORT_BUGS_TO "<https://www.gnu.org/software/libc/bugs.html>"
#define TIMEOUTFACTOR 1
#define USE_PPC_SCV 1

configure: exit 1
